00:00 +0: loading C:/laragon/www/Pratikum/my_porto/test/widget_test.dart
00:00 +0: Dashboard shows all portfolio items
00:01 +1: Tapping Tentang Saya opens profile page
00:01 +2: All tests passed!
